export const snapshot = {};

snapshot[`Prompt user to use default \`\$HOME/.config\` 1`] = `
stdout:
'{ testHomeDir: "/Users/mch/Developer/deno/stow-config/test/data" }
? Use ðŸ“‚ /Users/mch/Developer/deno/stow-config/test/data to search for configs? â€º No / Yes\\x1b[0G\\x1b[?25l\\x1b[G\\x1b[0J
? Use ðŸ“‚ /Users/mch/Developer/deno/stow-config/test/data to search for configs? â€º No / Yes\\x1b[0G\\x1b[?25l\\x1b[G\\x1b[0J
? Use ðŸ“‚ /Users/mch/Developer/deno/stow-config/test/data to search for configs? â€º Yes
\\x1b[?25h\\x1b[?25h{ answer: "/Users/mch/Developer/deno/stow-config/test/data" }
'
stderr:
""
`;

snapshot[`Ask user to enter path to configs dir 1`] = `
stdout:
'{ testHomeDir: "WRONG_DIR" }
? Path path to \`configs\` directory â€º \\x1b[38G\\x1b[G\\x1b[0J
? Path path to \`configs\` directory â€º /Users/mch\\x1b[46G\\x1b[G\\x1b[0J
? Path path to \`configs\` directory â€º /Users/mch/Developer\\x1b[54G\\x1b[G\\x1b[0J
? Path path to \`configs\` directory â€º /Users/mch/Developer/deno\\x1b[62G\\x1b[G\\x1b[0J
? Path path to \`configs\` directory â€º /Users/mch/Developer/deno/stow-config\\x1b[70G\\x1b[G\\x1b[0J
? Path path to \`configs\` directory â€º /Users/mch/Developer/deno/stow-config/test\\x1b[78G\\x1b[G\\x1b[0J
? Path path to \`configs\` directory â€º /Users/mch/Developer/deno/stow-config/test/data/config-src\\x1b[86G\\x1b[G\\x1b[0J
? Path path to \`configs\` directory â€º /Users/mch/Developer/deno/stow-config/test/data/config-src\\x1b[94G\\x1b[G\\x1b[0J
? Path path to \`configs\` directory â€º /Users/mch/Developer/deno/stow-config/test/data/config-src\\x1b[96G\\x1b[G\\x1b[0J
? Path path to \`configs\` directory â€º /Users/mch/Developer/deno/stow-config/test/data/config-src
\\x1b[?25h\\x1b[?25h{
  answer: "/Users/mch/Developer/deno/stow-config/test/data/config-src"
}
'
stderr:
""
`;
